// Jest Snapshot v1, https://goo.gl/fbAQLP

exports[`ObjectInspector Content should render with Maps with Regex and Maps keys 1`] = `"<ol role=\\"tree\\" class=\\"css-1mbgsgl\\"><li aria-expanded=\\"true\\" role=\\"treeitem\\" class=\\"css-9vhyes\\"><div class=\\"css-0\\"><span class=\\"css-18ss45a-Arrow\\">â–¶</span><span class=\\"css-gkg3jw-ObjectPreview\\">Map </span><span class=\\"css-gkg3jw-ObjectPreview\\">{}</span></div><ol role=\\"group\\" class=\\"css-18j2x0a\\"><li aria-expanded=\\"false\\" role=\\"treeitem\\" class=\\"css-9vhyes\\"><div class=\\"css-0\\"><span class=\\"css-26z203\\">&nbsp;</span><span><span class=\\"css-1n87jha-ObjectValue\\">/\\\\S/g</span><span>: </span><span class=\\"css-1n87jha-ObjectValue\\">\\"Regular Expression key\\"</span></span></div><ol role=\\"group\\" class=\\"css-18j2x0a\\"></ol></li></ol></li></ol>"`;

exports[`ObjectInspector passes \`nodeRenderer\` prop to <TreeView/> 1`] = `
<ol
  className="css-1mbgsgl"
  role="tree"
>
  <li
    aria-expanded={false}
    className="css-9vhyes"
    role="treeitem"
  >
    <div
      className="css-0"
      onClick={[Function]}
    >
      <span>
        unit test
      </span>
    </div>
    <ol
      className="css-18j2x0a"
      role="group"
    />
  </li>
</ol>
`;

exports[`ObjectInspector should render 1`] = `
<ol
  className="css-1mbgsgl"
  role="tree"
>
  <li
    aria-expanded={false}
    className="css-9vhyes"
    role="treeitem"
  >
    <div
      className="css-0"
      onClick={[Function]}
    >
      <span
        className="css-utwc52-ObjectValue"
      >
        undefined
      </span>
    </div>
    <ol
      className="css-18j2x0a"
      role="group"
    />
  </li>
</ol>
`;
